
==================================== ERRORS ====================================
___________________ ERROR collecting tests/test_symbolic.py ____________________
ImportError while importing test module '/home/sloppymo/Documents/Windsurf/emotional-wellness-api/tests/test_symbolic.py'.
Hint: make sure your test modules/packages have valid Python names.
Traceback:
/usr/lib/python3.12/importlib/__init__.py:90: in import_module
    return _bootstrap._gcd_import(name[level:], package, level)
tests/test_symbolic.py:5: in <module>
    from fastapi.testclient import TestClient
E   ModuleNotFoundError: No module named 'fastapi'
=========================== short test summary info ============================
ERROR tests/test_symbolic.py
!!!!!!!!!!!!!!!!!!!! Interrupted: 1 error during collection !!!!!!!!!!!!!!!!!!!!
1 error in 0.05s
